// Jest Snapshot v1, https://goo.gl/fbAQLP

exports[`Button Component should render button 1`] = `
<button
  type="button"
>
  My Button
</button>
`;
