// Jest Snapshot v1, https://goo.gl/fbAQLP

exports[`Content container Component should render with content inside container 1`] = `
<div
  class="container"
>
  <p>
    Hello am rendered
  </p>
</div>
`;
